// Jest Snapshot v1, https://goo.gl/fbAQLP

exports[`should render ExpenseList with empty message 1`] = `
<div>
  <p>
    No expenses
  </p>
</div>
`;

exports[`should render expense list with expenses 1`] = `
<div>
  <Component
    amount={3000}
    createdAt={0}
    description="Gum"
    id="1"
    key="1"
    note=""
  />
  <Component
    amount={1000}
    createdAt={-345600000}
    description="Rent"
    id="2"
    key="2"
    note=""
  />
  <Component
    amount={2000}
    createdAt={345600000}
    description="Credit Card"
    id="3"
    key="3"
    note=""
  />
</div>
`;
